// Jest Snapshot v1, https://goo.gl/fbAQLP

exports[`test config 1`] = `
Object {
  "baseURL": "http://localhost:8080",
}
`;
